// Jest Snapshot v1, https://goo.gl/fbAQLP

exports[`expect to render App component 1`] = `
<div
  className="sc-eNQAEJ uWciK"
>
  <div
    className="ui segment pushable sc-hMqMXs cuYCwh"
  >
    <div
      className="sc-bwzfXH sc-kEYyzF brCCzS"
      direction="row"
    >
      <div
        className="sc-ifAKCX sc-kkGfuU cZBSZz"
        height="10%"
        width={0}
      />
      <button
        className="ui icon button options-button sc-iAyFgw fIhOVd"
        onClick={[Function]}
        onMouseEnter={[Function]}
        onMouseLeave={[Function]}
      >
        <i
          aria-hidden="true"
          className="chevron right big icon scale visible transition"
          onClick={[Function]}
          style={
            Object {
              "animationDuration": undefined,
            }
          }
        />
      </button>
    </div>
    <div
      className="ui vertical labeled icon ui overlay left very wide sidebar menu"
    >
      <div
        className="sc-bwzfXH dlzeER"
      >
        <div
          className="sc-bwzfXH tInNM"
          direction="row"
          height="70px"
        >
          <div
            className="sc-bwzfXH fjnmXX"
            width="35%"
          >
            <div
              aria-expanded={false}
              className="ui fluid selection dropdown sc-ckVGcZ fLBywv"
              id="selectedService"
              onBlur={[Function]}
              onChange={[Function]}
              onClick={[Function]}
              onFocus={[Function]}
              onMouseDown={[Function]}
              role="listbox"
              tabIndex={0}
            >
              <div
                aria-live="polite"
                className="text"
                role="alert"
              >
                Route
              </div>
              <i
                aria-hidden="true"
                className="dropdown icon"
                onClick={[Function]}
              />
              <div
                className="menu transition"
              >
                <div
                  aria-checked={true}
                  aria-selected={true}
                  className="active selected item"
                  onClick={[Function]}
                  role="option"
                  style={
                    Object {
                      "pointerEvents": "all",
                    }
                  }
                >
                  <span
                    className="text"
                  >
                    Route
                  </span>
                </div>
                <div
                  aria-checked={false}
                  aria-selected={false}
                  className="item"
                  onClick={[Function]}
                  role="option"
                  style={
                    Object {
                      "pointerEvents": "all",
                    }
                  }
                >
                  <span
                    className="text"
                  >
                    Match
                  </span>
                </div>
              </div>
            </div>
          </div>
          <div
            className="sc-bwzfXH cfLeIj"
            width="35%"
          >
            <div
              className="sc-bwzfXH dfIKGx"
              direction="row"
              height="45px"
            >
              <div
                className="sc-bwzfXH gmInAj"
                onClick={[Function]}
                width="10%"
              >
                <i
                  aria-hidden="true"
                  className="grey angle left large icon sc-dnqmqq bPwZQa"
                  onClick={[Function]}
                />
              </div>
              <div
                className="sc-bwzfXH gCPlrj"
                width="60%"
              >
                <div
                  className="ui large label sc-iwsKbI boLuZU"
                  onClick={[Function]}
                >
                  No Traffic
                </div>
              </div>
              <div
                className="sc-bwzfXH gmInAj"
                onClick={[Function]}
                width="10%"
              >
                <i
                  aria-hidden="true"
                  className="grey angle right large icon sc-dnqmqq bPwZQa"
                  onClick={[Function]}
                />
              </div>
            </div>
          </div>
        </div>
        <div
          className="sc-bwzfXH kwvKmS"
          width="80%"
        >
          <div
            className="ui header sc-dxgOiQ hGOPWA"
            overridecolor="#00677f"
          >
            Request Endpoint
          </div>
          <form
            className="ui form sc-kpOJdX hKgGbp"
            focuscolor="#5097ab"
            onSubmit={[Function]}
          >
            <textarea
              disabled={true}
              id="endpointValue"
              onChange={[Function]}
              onInput={[Function]}
              readOnly={true}
              rows={1}
              value="https://routing.develop.otonomousmobility.com"
            />
          </form>
        </div>
        <div
          className="sc-bwzfXH kwvKmS"
          width="80%"
        >
          <div
            className="sc-bwzfXH ewJcDl"
            direction="row"
          >
            <div
              className="sc-bwzfXH ewJcDl"
              direction="row"
            >
              <div
                className="ui header sc-dxgOiQ hGOPWA"
                overridecolor="#00677f"
              >
                Request Body
              </div>
              <button
                className="ui button body-textarea sc-jKJlTe hPSlYG"
                id="bodyEdit"
                marginleft="10px"
                onClick={[Function]}
              >
                Edit
              </button>
            </div>
          </div>
          <form
            className="ui form sc-kGXeez brHMMD"
            color="rgb(100, 100, 100)"
            focuscolor="#5097ab"
            onSubmit={[Function]}
          >
            <div
              className="sc-kAzzGY iEbsOc"
            >
              <div
                className="sc-cSHVUG bKHqa"
                onClick={[Function]}
              >
                
                <i
                  aria-hidden="true"
                  className="caret up icon"
                  onClick={[Function]}
                />
              </div>
              <div
                className="sc-kAzzGY iEbsOc"
              >
                <div
                  className="sc-cSHVUG bKHqa"
                  onClick={[Function]}
                >
                  Locations
                  <i
                    aria-hidden="true"
                    className="caret down icon"
                    onClick={[Function]}
                  />
                </div>
              </div>
              <div
                className="sc-kAzzGY DLQYP"
              >
                <span
                  className="sc-chPdSV bJjSsj"
                >
                  Report Geometry
                  : 
                </span>
                <span
                  className="sc-kgoBCf crsEgQ"
                >
                  true
                </span>
              </div>
            </div>
          </form>
        </div>
        <div
          className="sc-bwzfXH kwvKmS"
          width="80%"
        >
          <div
            className="sc-bwzfXH ewJcDl"
            direction="row"
          >
            <div
              className="ui header sc-dxgOiQ hGOPWA"
              overridecolor="#00677f"
            >
              Response
            </div>
            <button
              className="ui button response-textarea sc-jKJlTe hPSlYG"
              id="responseEdit"
              marginleft="10px"
              onClick={[Function]}
            >
              Edit
            </button>
          </div>
          <form
            className="ui form sc-kGXeez brHMMD"
            color="rgb(100, 100, 100)"
            focuscolor="#5097ab"
            onSubmit={[Function]}
          >
            <div
              className="sc-kAzzGY iEbsOc"
            >
              <div
                className="sc-cSHVUG bKHqa"
                onClick={[Function]}
              >
                
                <i
                  aria-hidden="true"
                  className="caret up icon"
                  onClick={[Function]}
                />
              </div>
              <div
                className="sc-kAzzGY iEbsOc"
              >
                <span
                  className="sc-chPdSV bJjSsj"
                >
                  Code
                  : 
                </span>
                <span
                  className="sc-kgoBCf crsEgQ"
                >
                  Ok
                </span>
              </div>
              <div
                className="sc-kAzzGY iEbsOc"
              >
                <div
                  className="sc-cSHVUG bKHqa"
                  onClick={[Function]}
                >
                  Routes
                  <i
                    aria-hidden="true"
                    className="caret down icon"
                    onClick={[Function]}
                  />
                </div>
              </div>
              <div
                className="sc-kAzzGY DLQYP"
              >
                <div
                  className="sc-cSHVUG bKHqa"
                  onClick={[Function]}
                >
                  Locations
                  <i
                    aria-hidden="true"
                    className="caret down icon"
                    onClick={[Function]}
                  />
                </div>
              </div>
            </div>
          </form>
        </div>
      </div>
    </div>
    <div
      className="pusher"
    >
      <div
        className="sc-gZMcBi jAREqb"
      >
        <div
          className="sc-bwzfXH islmOK"
          direction="column"
        >
          <div
            className="sc-bwzfXH iSONxz"
            direction="row"
          >
            <div
              id="car-profile"
              onClick={[Function]}
            >
              <div
                onBlur={[Function]}
                onClick={[Function]}
                onFocus={[Function]}
                onMouseEnter={[Function]}
                onMouseLeave={[Function]}
              >
                <div
                  className="sc-htpNat oWmeC"
                  color="#e1e1e1"
                  cursor="pointer"
                >
                  <div
                    className="sc-bwzfXH dmJOrF"
                    height="100%"
                  >
                    <i
                      aria-hidden="true"
                      className="car icon sc-bxivhb vcXGv"
                      fontSize="25px"
                      height="20px"
                      onClick={[Function]}
                      overridecolor="#007a93"
                      padding="0 0 0 0"
                      position="absolute"
                    />
                  </div>
                </div>
              </div>
            </div>
            <div
              id="foot-profile"
              onClick={[Function]}
            >
              <div
                onBlur={[Function]}
                onClick={[Function]}
                onFocus={[Function]}
                onMouseEnter={[Function]}
                onMouseLeave={[Function]}
              >
                <div
                  className="sc-htpNat gQmiyd"
                  color="transparent"
                  cursor="pointer"
                >
                  <div
                    className="sc-bwzfXH dmJOrF"
                    height="100%"
                  >
                    <i
                      aria-hidden="true"
                      className="male icon sc-bxivhb hFCAaS"
                      fontSize="25px"
                      height="20px"
                      onClick={[Function]}
                      overridecolor="#a6cad8"
                      padding="0 0 0 0"
                      position="absolute"
                    />
                  </div>
                </div>
              </div>
            </div>
          </div>
          <div
            className="ui divider sc-gqjmRU bxMepl"
          />
          <div
            className="sc-bwzfXH fOQsml"
            direction="row"
          >
            <div
              className="sc-htpNat aNfhF"
              color="#007a93"
            >
              <div
                className="sc-bwzfXH gzsoVo"
                height="100%"
              >
                <i
                  aria-hidden="true"
                  className="map marker alternate icon sc-bxivhb gUqPoa"
                  fontSize="25px"
                  height="20px"
                  onClick={[Function]}
                  overridecolor="white"
                  padding="0 0 0 0"
                  position="absolute"
                />
              </div>
            </div>
            <div
              className="ui fluid input sc-bZQynM euAhRA"
            >
              <input
                onBlur={[Function]}
                onChange={[Function]}
                onFocus={[Function]}
                placeholder="Origin"
                type="text"
                value=""
              />
            </div>
          </div>
          <div
            className="sc-bwzfXH fOQsml"
            direction="row"
          >
            <div
              className="sc-htpNat aNfhF"
              color="#007a93"
            >
              <div
                className="sc-bwzfXH gzsoVo"
                height="100%"
              >
                <i
                  aria-hidden="true"
                  className="map marker icon sc-bxivhb gUqPoa"
                  fontSize="25px"
                  height="20px"
                  onClick={[Function]}
                  overridecolor="white"
                  padding="0 0 0 0"
                  position="absolute"
                />
              </div>
            </div>
            <div
              className="ui fluid input sc-bZQynM euAhRA"
            >
              <input
                onBlur={[Function]}
                onChange={[Function]}
                onFocus={[Function]}
                placeholder="Destination"
                type="text"
                value=""
              />
            </div>
          </div>
          <div
            className="ui divider sc-gqjmRU bxMepl"
          />
          <div
            className="sc-bwzfXH jduFbp"
            direction="row"
          >
            <div
              className="sc-bwzfXH bYbhoh"
              direction="column"
              width="50%"
            >
              <div
                className="sc-bwzfXH cUgWoN"
                direction="row"
                height="50px"
              >
                <div
                  className="ui fitted toggle checkbox custom-class sc-htoDjs jVpSXw"
                  onChange={[Function]}
                  onClick={[Function]}
                  onMouseDown={[Function]}
                  onMouseUp={[Function]}
                >
                  <input
                    checked={false}
                    className="hidden"
                    id="polygonsVisible"
                    readOnly={true}
                    tabIndex={0}
                    type="checkbox"
                  />
                  <label
                    htmlFor="polygonsVisible"
                  />
                </div>
                <label
                  className="sc-gzVnrw bulIkC"
                >
                  Covered Areas
                </label>
              </div>
              <div
                className="sc-bwzfXH cUgWoN"
                direction="row"
                height="50px"
              >
                <div
                  className="ui fitted toggle checkbox custom-class sc-htoDjs jVpSXw"
                  onChange={[Function]}
                  onClick={[Function]}
                  onMouseDown={[Function]}
                  onMouseUp={[Function]}
                >
                  <input
                    checked={false}
                    className="hidden"
                    id="routingGraphVisible"
                    readOnly={true}
                    tabIndex={0}
                    type="checkbox"
                  />
                  <label
                    htmlFor="routingGraphVisible"
                  />
                </div>
                <label
                  className="sc-gzVnrw bulIkC"
                >
                  Routing Graph
                </label>
              </div>
            </div>
            <div
              className="sc-bwzfXH jZLqJu"
              direction="column"
              width="40%"
            >
              <div
                className="sc-ifAKCX iomsNv"
                width="40%"
              />
            </div>
          </div>
          <div
            className="sc-bwzfXH JRVD"
            direction="row"
          >
            <div
              className="sc-bwzfXH eoImHn"
              direction="row"
              height="50px"
              width="65%"
            >
              <div
                className="ui fitted toggle checkbox custom-class sc-htoDjs jVpSXw"
                onChange={[Function]}
                onClick={[Function]}
                onMouseDown={[Function]}
                onMouseUp={[Function]}
              >
                <input
                  checked={false}
                  className="hidden"
                  id="googleMapsOption"
                  readOnly={true}
                  tabIndex={0}
                  type="checkbox"
                />
                <label
                  htmlFor="googleMapsOption"
                />
              </div>
              <label
                className="sc-gzVnrw bulIkC"
              >
                Google Maps
              </label>
            </div>
            <div
              className="sc-bwzfXH cQpeMM"
              direction="row"
              height="50px"
              width="35%"
            >
              <div
                className="ui fitted toggle checkbox custom-class sc-htoDjs jVpSXw"
                onChange={[Function]}
                onClick={[Function]}
                onMouseDown={[Function]}
                onMouseUp={[Function]}
              >
                <input
                  checked={false}
                  className="hidden"
                  id="trafficOption"
                  readOnly={true}
                  tabIndex={0}
                  type="checkbox"
                />
                <label
                  htmlFor="trafficOption"
                />
              </div>
              <label
                className="sc-gzVnrw bulIkC"
              >
                Traffic
              </label>
            </div>
          </div>
        </div>
      </div>
      <div
        className="sc-bdVaJa jthvZh"
      />
    </div>
  </div>
</div>
`;
