// Jest Snapshot v1, https://goo.gl/fbAQLP

exports[`expect to render App component 1`] = `
<div
  className="ui fluid icon input sc-bdVaJa dkhQnl"
>
  <input
    onBlur={[Function]}
    onChange={[Function]}
    onFocus={[MockFunction]}
    placeholder="Origin"
    type="text"
    value="52, 12"
  />
  <i
    aria-hidden="true"
    className="remove circle link icon"
    onClick={[Function]}
  />
</div>
`;
