// Jest Snapshot v1, https://goo.gl/fbAQLP

exports[`expect to render Panel component 1`] = `
<div
  className="sc-bdVaJa ecsjM"
  direction="row"
>
  <div
    className="sc-bwzfXH gXAlSF"
    color="#007a93"
  >
    <div
      className="sc-bdVaJa gqMWUP"
      height="100%"
    >
      <i
        aria-hidden="true"
        className="map marker alternate icon sc-htpNat iIqnlv"
        fontSize="25px"
        height="20px"
        onClick={[Function]}
        overridecolor="white"
        padding="0 0 0 0"
        position="absolute"
      />
    </div>
  </div>
  <div
    className="ui fluid input sc-EHOje kbRwGm"
  >
    <input
      onBlur={[Function]}
      onChange={[Function]}
      onFocus={[Function]}
      placeholder="Origin"
      type="text"
      value=""
    />
  </div>
</div>
`;
