// Jest Snapshot v1, https://goo.gl/fbAQLP

exports[`expect to render Panel component 1`] = `
<div
  className="sc-bdVaJa gSlpgJ"
  direction="row"
>
  <div
    className="sc-gZMcBi fWaAxO"
  >
    <div
      className="sc-bwzfXH fNQCHt"
      color="#007a93"
    >
      <div
        className="sc-bdVaJa cCYAHW"
        height="100%"
      >
        <i
          aria-hidden="true"
          className="map marker alternate icon sc-htpNat fQDcBg"
          fontSize="25px"
          height="20px"
          onClick={[Function]}
          overridecolor="white"
          position="absolute"
        />
      </div>
    </div>
  </div>
  <div
    className="ui fluid icon input sc-dnqmqq jwbNvq"
  >
    <input
      onBlur={[Function]}
      onChange={[Function]}
      onFocus={[Function]}
      placeholder="Origin"
      type="text"
      value="52, 12"
    />
    <i
      aria-hidden="true"
      className="remove circle link icon"
      onClick={[Function]}
    />
  </div>
</div>
`;
