// Jest Snapshot v1, https://goo.gl/fbAQLP

exports[`expect to render InspectPanel component 1`] = `
<div
  className="sc-bdVaJa eBppGN"
>
  <div
    className="sc-bdVaJa dcMlZW"
    direction="row"
  >
    <div
      className="sc-bdVaJa kygzpb"
      direction="row"
    >
      <div
        className="sc-bdVaJa sc-eNQAEJ ibiofc"
        color={true}
        id="default"
        onClick={[Function]}
        width="100px"
      >
        Interactive
      </div>
      <div
        className="sc-bdVaJa sc-eNQAEJ fTBrZq"
        color={false}
        id="debug"
        onClick={[Function]}
        width="100px"
      >
        Debugging
      </div>
    </div>
  </div>
  <div
    className="ui divider sc-gzVnrw fYaiCA"
    width="90%"
  />
  <div
    className="sc-bdVaJa eBtfWV"
    direction="row"
    height="70px"
  >
    <div
      className="sc-bdVaJa jJZREO"
      width="35%"
    >
      <div
        aria-expanded={false}
        className="ui fluid selection dropdown sc-EHOje gIMGEB"
        id="selectedService"
        onBlur={[Function]}
        onChange={[Function]}
        onClick={[Function]}
        onFocus={[Function]}
        onMouseDown={[Function]}
        role="listbox"
        tabIndex={0}
      >
        <div
          aria-live="polite"
          className="text"
          role="alert"
        >
          Route
        </div>
        <i
          aria-hidden="true"
          className="dropdown icon"
          onClick={[Function]}
        />
        <div
          className="menu transition"
        >
          <div
            aria-checked={true}
            aria-selected={true}
            className="active selected item"
            onClick={[Function]}
            role="option"
            style={
              Object {
                "pointerEvents": "all",
              }
            }
          >
            <span
              className="text"
            >
              Route
            </span>
          </div>
          <div
            aria-checked={false}
            aria-selected={false}
            className="item"
            onClick={[Function]}
            role="option"
            style={
              Object {
                "pointerEvents": "all",
              }
            }
          >
            <span
              className="text"
            >
              Match
            </span>
          </div>
        </div>
      </div>
    </div>
    <div
      className="sc-bdVaJa bJJihJ"
      width="35%"
    >
      <div
        className="sc-bdVaJa gxFsig"
        direction="row"
        height="45px"
      >
        <div
          className="sc-bdVaJa clGjkA"
          onClick={[Function]}
          width="10%"
        >
          <i
            aria-hidden="true"
            className="grey angle left large icon sc-gZMcBi Qfbta"
            onClick={[Function]}
          />
        </div>
        <div
          className="sc-bdVaJa gNhOwl"
          width="60%"
        >
          <div
            className="ui large label sc-gqjmRU cYcDOp"
            onClick={[Function]}
          >
            No Traffic
          </div>
        </div>
        <div
          className="sc-bdVaJa clGjkA"
          onClick={[Function]}
          width="10%"
        >
          <i
            aria-hidden="true"
            className="grey angle right large icon sc-gZMcBi Qfbta"
            onClick={[Function]}
          />
        </div>
      </div>
    </div>
  </div>
  <div
    className="sc-bdVaJa fEcaVD"
    width="80%"
  >
    <div
      className="ui header sc-htoDjs iGaUEE"
      overridecolor="#00677f"
    >
      Request Endpoint
    </div>
    <div
      className="sc-bdVaJa fuiAsE"
      direction="row"
    >
      <div
        aria-expanded={false}
        className="ui fluid search selection dropdown sc-EHOje gIMGEB"
        onBlur={[Function]}
        onChange={[Function]}
        onClick={[Function]}
        onFocus={[Function]}
        onMouseDown={[Function]}
        role="combobox"
      >
        <input
          aria-autocomplete="list"
          autoComplete="off"
          className="search"
          onChange={[Function]}
          style={
            Object {
              "width": undefined,
            }
          }
          tabIndex={0}
          type="text"
          value=""
        />
        <div
          aria-live="polite"
          className="text"
          role="alert"
        >
          https://routing.develop.otonomousmobility.com/\${PROFILE}
        </div>
        <i
          aria-hidden="true"
          className="dropdown icon"
          onClick={[Function]}
        />
        <div
          className="menu transition"
          role="listbox"
        >
          <div
            aria-checked={true}
            aria-selected={true}
            className="active selected item"
            onClick={[Function]}
            role="option"
            style={
              Object {
                "pointerEvents": "all",
              }
            }
          >
            <span
              className="text"
            >
              https://routing.develop.otonomousmobility.com/\${PROFILE}
            </span>
          </div>
          <div
            aria-checked={false}
            aria-selected={false}
            className="item"
            onClick={[Function]}
            role="option"
            style={
              Object {
                "pointerEvents": "all",
              }
            }
          >
            <span
              className="text"
            >
              https://routing.staging.otonomousmobility.com/\${PROFILE}
            </span>
          </div>
          <div
            aria-checked={false}
            aria-selected={false}
            className="item"
            onClick={[Function]}
            role="option"
            style={
              Object {
                "pointerEvents": "all",
              }
            }
          >
            <span
              className="text"
            >
              https://routing.testing.otonomousmobility.com/\${PROFILE}
            </span>
          </div>
          <div
            aria-checked={false}
            aria-selected={false}
            className="item"
            onClick={[Function]}
            role="option"
            style={
              Object {
                "pointerEvents": "all",
              }
            }
          >
            <span
              className="text"
            >
              http://localhost:5000
            </span>
          </div>
        </div>
      </div>
    </div>
  </div>
  <div
    className="sc-bdVaJa fEcaVD"
    width="80%"
  >
    <div
      className="sc-bdVaJa kRVJAa"
      direction="row"
    >
      <div
        className="ui header sc-htoDjs iGaUEE"
        overridecolor="#00677f"
      >
        Request Body
      </div>
      <button
        className="ui button body-textarea sc-kGXeez fwkDyc"
        id="bodyEdit"
        marginleft="10px"
        onClick={[Function]}
      >
        Edit
      </button>
    </div>
    <div
      className="sc-bdVaJa kRVJAa"
      direction="row"
      width="100%"
    >
      <div
        className="sc-jTzLTM hKXGNz"
      >
        <div
          className="sc-VigVT kghjnk"
          onClick={[Function]}
        >
          
          <i
            aria-hidden="true"
            className="caret down icon"
            onClick={[Function]}
          />
        </div>
        <div
          className="sc-jTzLTM hKXGNz"
        >
          <div
            className="sc-VigVT kghjnk"
            onClick={[Function]}
          >
            locations
            <i
              aria-hidden="true"
              className="caret down icon"
              onClick={[Function]}
            />
          </div>
          <div
            className="sc-jTzLTM hKXGNz"
          >
            <div
              className="sc-VigVT kghjnk"
              onClick={[Function]}
            >
              0
              <i
                aria-hidden="true"
                className="caret down icon"
                onClick={[Function]}
              />
            </div>
            <div
              className="sc-jTzLTM hKXGNz"
            >
              <span
                className="sc-fjdhpX gkBxan"
              >
                lat
                : 
              </span>
              <span
                className="sc-jzJRlG kHJXki"
              >
                52.510348
              </span>
            </div>
            <div
              className="sc-jTzLTM hKXGNz"
            >
              <span
                className="sc-fjdhpX gkBxan"
              >
                lon
                : 
              </span>
              <span
                className="sc-jzJRlG kHJXki"
              >
                13.389869
              </span>
            </div>
          </div>
          <div
            className="sc-jTzLTM hKXGNz"
          >
            <div
              className="sc-VigVT kghjnk"
              onClick={[Function]}
            >
              1
              <i
                aria-hidden="true"
                className="caret down icon"
                onClick={[Function]}
              />
            </div>
            <div
              className="sc-jTzLTM hKXGNz"
            >
              <span
                className="sc-fjdhpX gkBxan"
              >
                lat
                : 
              </span>
              <span
                className="sc-jzJRlG kHJXki"
              >
                52.510425
              </span>
            </div>
            <div
              className="sc-jTzLTM hKXGNz"
            >
              <span
                className="sc-fjdhpX gkBxan"
              >
                lon
                : 
              </span>
              <span
                className="sc-jzJRlG kHJXki"
              >
                13.39114
              </span>
            </div>
          </div>
        </div>
        <div
          className="sc-jTzLTM hKXGNz"
        >
          <span
            className="sc-fjdhpX gkBxan"
          >
            reportGeometry
            : 
          </span>
          <span
            className="sc-jzJRlG kHJXki"
          >
            true
          </span>
        </div>
      </div>
    </div>
  </div>
  <div
    className="sc-bdVaJa fEcaVD"
    width="80%"
  >
    <div
      className="sc-bdVaJa kRVJAa"
      direction="row"
    >
      <div
        className="ui header sc-htoDjs iGaUEE"
        overridecolor="#00677f"
      >
        Response
      </div>
      <button
        className="ui button response-textarea sc-kGXeez fwkDyc"
        id="responseEdit"
        marginleft="10px"
        onClick={[Function]}
      >
        View source
      </button>
    </div>
    <div
      className="sc-bdVaJa kRVJAa"
      direction="row"
      width="100%"
    >
      <div
        className="sc-jTzLTM hKXGNz"
      >
        <div
          className="sc-VigVT kghjnk"
          onClick={[Function]}
        >
          
          <i
            aria-hidden="true"
            className="caret down icon"
            onClick={[Function]}
          />
        </div>
        <div
          className="sc-jTzLTM hKXGNz"
        >
          <span
            className="sc-fjdhpX gkBxan"
          >
            code
            : 
          </span>
          <span
            className="sc-jzJRlG kHJXki"
          >
            Ok
          </span>
        </div>
        <div
          className="sc-jTzLTM hKXGNz"
        >
          <div
            className="sc-VigVT kghjnk"
            onClick={[Function]}
          >
            routes
            <i
              aria-hidden="true"
              className="caret down icon"
              onClick={[Function]}
            />
          </div>
          <div
            className="sc-jTzLTM hKXGNz"
          >
            <div
              className="sc-VigVT kghjnk"
              onClick={[Function]}
            >
              0
              <i
                aria-hidden="true"
                className="caret down icon"
                onClick={[Function]}
              />
            </div>
            <div
              className="sc-jTzLTM hKXGNz"
            >
              <span
                className="sc-fjdhpX gkBxan"
              >
                totalDistance
                : 
              </span>
              <span
                className="sc-jzJRlG kHJXki"
              >
                86.5
              </span>
            </div>
            <div
              className="sc-jTzLTM hKXGNz"
            >
              <span
                className="sc-fjdhpX gkBxan"
              >
                totalDuration
                : 
              </span>
              <span
                className="sc-jzJRlG kHJXki"
              >
                15.1
              </span>
            </div>
            <div
              className="sc-jTzLTM hKXGNz"
            >
              <div
                className="sc-VigVT kghjnk"
                onClick={[Function]}
              >
                legs
                <i
                  aria-hidden="true"
                  className="caret down icon"
                  onClick={[Function]}
                />
              </div>
              <div
                className="sc-jTzLTM hKXGNz"
              >
                <div
                  className="sc-VigVT kghjnk"
                  onClick={[Function]}
                >
                  0
                  <i
                    aria-hidden="true"
                    className="caret down icon"
                    onClick={[Function]}
                  />
                </div>
                <div
                  className="sc-jTzLTM hKXGNz"
                >
                  <span
                    className="sc-fjdhpX gkBxan"
                  >
                    duration
                    : 
                  </span>
                  <span
                    className="sc-jzJRlG kHJXki"
                  >
                    15.1
                  </span>
                </div>
                <div
                  className="sc-jTzLTM hKXGNz"
                >
                  <span
                    className="sc-fjdhpX gkBxan"
                  >
                    distance
                    : 
                  </span>
                  <span
                    className="sc-jzJRlG kHJXki"
                  >
                    86.5
                  </span>
                </div>
                <div
                  className="sc-jTzLTM hKXGNz"
                >
                  <div
                    className="sc-VigVT kghjnk"
                    onClick={[Function]}
                  >
                    geometry
                    <i
                      aria-hidden="true"
                      className="caret right icon"
                      onClick={[Function]}
                    />
                  </div>
                </div>
              </div>
            </div>
          </div>
        </div>
        <div
          className="sc-jTzLTM hKXGNz"
        >
          <div
            className="sc-VigVT kghjnk"
            onClick={[Function]}
          >
            locations
            <i
              aria-hidden="true"
              className="caret down icon"
              onClick={[Function]}
            />
          </div>
          <div
            className="sc-jTzLTM hKXGNz"
          >
            <div
              className="sc-VigVT kghjnk"
              onClick={[Function]}
            >
              0
              <i
                aria-hidden="true"
                className="caret down icon"
                onClick={[Function]}
              />
            </div>
            <div
              className="sc-jTzLTM hKXGNz"
            >
              <span
                className="sc-fjdhpX gkBxan"
              >
                snapDistance
                : 
              </span>
              <span
                className="sc-jzJRlG kHJXki"
              >
                0.45025736761464097
              </span>
            </div>
            <div
              className="sc-jTzLTM hKXGNz"
            >
              <div
                className="sc-VigVT kghjnk"
                onClick={[Function]}
              >
                location
                <i
                  aria-hidden="true"
                  className="caret right icon"
                  onClick={[Function]}
                />
              </div>
            </div>
          </div>
          <div
            className="sc-jTzLTM hKXGNz"
          >
            <div
              className="sc-VigVT kghjnk"
              onClick={[Function]}
            >
              1
              <i
                aria-hidden="true"
                className="caret down icon"
                onClick={[Function]}
              />
            </div>
            <div
              className="sc-jTzLTM hKXGNz"
            >
              <span
                className="sc-fjdhpX gkBxan"
              >
                snapDistance
                : 
              </span>
              <span
                className="sc-jzJRlG kHJXki"
              >
                12.073291914193243
              </span>
            </div>
            <div
              className="sc-jTzLTM hKXGNz"
            >
              <div
                className="sc-VigVT kghjnk"
                onClick={[Function]}
              >
                location
                <i
                  aria-hidden="true"
                  className="caret right icon"
                  onClick={[Function]}
                />
              </div>
            </div>
          </div>
        </div>
      </div>
    </div>
  </div>
</div>
`;
