// Jest Snapshot v1, https://goo.gl/fbAQLP

exports[`expect to render TextAreaInput component 1`] = `
<form
  className="ui form sc-bdVaJa jVVtoZ"
  color="rgb(100, 100, 100)"
  focuscolor="#5097ab"
  onSubmit={[Function]}
>
  <textarea
    className="textarea"
    id="bodyValue"
    onBlur={[Function]}
    onChange={[Function]}
    onFocus={[Function]}
    onInput={[Function]}
    placeholder=""
    rows={10}
    value="{\\"locations\\":[{\\"lat\\":52.510348,\\"lon\\":13.389869},{\\"lat\\":52.510425,\\"lon\\":13.39114}],\\"reportGeometry\\":true}"
  />
</form>
`;
