// Jest Snapshot v1, https://goo.gl/fbAQLP

exports[`expect to render Panel comoponent 1`] = `
<div
  className="sc-htoDjs kiFXfZ"
>
  <div
    className="sc-bZQynM ghvIYz"
  >
    <div
      className="sc-bwzfXH hJLVqs"
      direction="column"
    >
      <div
        className="sc-bwzfXH cjfvYC"
        direction="row"
      >
        <div
          className="sc-bxivhb kTtFdZ"
          color="#e6e6e6"
          onBlur={[Function]}
          onClick={[Function]}
          onFocus={[Function]}
          onMouseEnter={[Function]}
          onMouseLeave={[Function]}
        >
          <div
            className="sc-bwzfXH jtixks"
            height="100%"
          >
            <i
              aria-hidden="true"
              className="car large icon sc-htpNat ebAPFZ"
              onClick={[Function]}
              overridecolor="#007a93"
              padding="0 0 0 0"
              position="absolute"
            />
          </div>
        </div>
        <div
          className="sc-ifAKCX dquRAm"
          height="38px"
          onBlur={[Function]}
          onClick={[Function]}
          onFocus={[Function]}
          onMouseEnter={[Function]}
          onMouseLeave={[Function]}
          width="38px"
        >
          <div
            className="sc-bwzfXH jtixks"
            height="100%"
          >
            <i
              aria-hidden="true"
              className="male large icon sc-htpNat gEtUoh"
              onClick={[Function]}
              overridecolor="#a6cad8"
              padding="0 0 0 0"
              position="absolute"
            />
          </div>
        </div>
      </div>
      <div
        className="ui divider sc-gzVnrw bKqAAp"
      />
      <div
        className="sc-bwzfXH kxumdV"
        direction="row"
      >
        <div
          className="sc-bxivhb ivTYgH"
          color="#5097ab"
        >
          <div
            className="sc-bwzfXH VORLP"
            height="100%"
          >
            <i
              aria-hidden="true"
              className="map marker alternate large icon sc-htpNat bjlGuj"
              onClick={[Function]}
              overridecolor="white"
              padding="0 0 0 0"
              position="absolute"
            />
          </div>
        </div>
        <div
          className="ui fluid input sc-EHOje kbRwGm"
        >
          <input
            onBlur={[Function]}
            onChange={[Function]}
            onFocus={[Function]}
            placeholder="Origin"
            type="text"
            value=""
          />
        </div>
      </div>
      <div
        className="sc-bwzfXH kxumdV"
        direction="row"
      >
        <div
          className="sc-bxivhb ivTYgH"
          color="#5097ab"
        >
          <div
            className="sc-bwzfXH VORLP"
            height="100%"
          >
            <i
              aria-hidden="true"
              className="flag checkered large icon sc-htpNat bjlGuj"
              onClick={[Function]}
              overridecolor="white"
              padding="0 0 0 0"
              position="absolute"
            />
          </div>
        </div>
        <div
          className="ui fluid input sc-EHOje kbRwGm"
        >
          <input
            onBlur={[Function]}
            onChange={[Function]}
            onFocus={[Function]}
            placeholder="Destination"
            type="text"
            value=""
          />
        </div>
      </div>
    </div>
  </div>
  <div
    className="sc-bdVaJa jthvZh"
  />
</div>
`;
