// Jest Snapshot v1, https://goo.gl/fbAQLP

exports[`expect to render OptionsPanel component 1`] = `
<div
  className="sc-bdVaJa eBppGN"
>
  <div
    className="sc-bdVaJa fdCXKO"
    direction="row"
    height="70px"
  >
    <div
      className="sc-bdVaJa jJZREO"
      width="35%"
    >
      <div
        aria-expanded={false}
        className="ui fluid selection dropdown sc-EHOje jekteJ"
        id="selectedService"
        onBlur={[Function]}
        onChange={[Function]}
        onClick={[Function]}
        onFocus={[Function]}
        onMouseDown={[Function]}
        role="listbox"
        tabIndex={0}
      >
        <div
          aria-live="polite"
          className="text"
          role="alert"
        >
          Route
        </div>
        <i
          aria-hidden="true"
          className="dropdown icon"
          onClick={[Function]}
        />
        <div
          className="menu transition"
        >
          <div
            aria-checked={true}
            aria-selected={true}
            className="active selected item"
            onClick={[Function]}
            role="option"
            style={
              Object {
                "pointerEvents": "all",
              }
            }
          >
            <span
              className="text"
            >
              Route
            </span>
          </div>
          <div
            aria-checked={false}
            aria-selected={false}
            className="item"
            onClick={[Function]}
            role="option"
            style={
              Object {
                "pointerEvents": "all",
              }
            }
          >
            <span
              className="text"
            >
              Match
            </span>
          </div>
        </div>
      </div>
    </div>
    <div
      className="sc-bdVaJa bJJihJ"
      width="35%"
    >
      <div
        className="sc-bdVaJa gxFsig"
        direction="row"
        height="45px"
      >
        <div
          className="sc-bdVaJa clGjkA"
          onClick={[Function]}
          width="10%"
        >
          <i
            aria-hidden="true"
            className="grey angle left large icon sc-bZQynM IAXmQ"
            onClick={[Function]}
          />
        </div>
        <div
          className="sc-bdVaJa gNhOwl"
          width="60%"
        >
          <div
            className="ui large label sc-gzVnrw fHkTB"
            onClick={[Function]}
          >
            No Traffic
          </div>
        </div>
        <div
          className="sc-bdVaJa clGjkA"
          onClick={[Function]}
          width="10%"
        >
          <i
            aria-hidden="true"
            className="grey angle right large icon sc-bZQynM IAXmQ"
            onClick={[Function]}
          />
        </div>
      </div>
    </div>
  </div>
  <div
    className="sc-bdVaJa fEcaVD"
    width="80%"
  >
    <div
      className="ui header sc-jTzLTM itsxkf"
      overridecolor="#00677f"
    >
      Request Endpoint
    </div>
    <div
      className="sc-bdVaJa fuiAsE"
      direction="row"
    >
      <div
        aria-expanded={false}
        className="ui fluid search selection dropdown sc-EHOje jekteJ"
        onBlur={[Function]}
        onChange={[Function]}
        onClick={[Function]}
        onFocus={[Function]}
        onMouseDown={[Function]}
        role="combobox"
      >
        <input
          aria-autocomplete="list"
          autoComplete="off"
          className="search"
          onChange={[Function]}
          style={
            Object {
              "width": undefined,
            }
          }
          tabIndex={0}
          type="text"
          value=""
        />
        <div
          aria-live="polite"
          className="text"
          role="alert"
        >
          https://routing.develop.otonomousmobility.com/\${PROFILE}
        </div>
        <i
          aria-hidden="true"
          className="dropdown icon"
          onClick={[Function]}
        />
        <div
          className="menu transition"
          role="listbox"
        >
          <div
            aria-checked={true}
            aria-selected={true}
            className="active selected item"
            onClick={[Function]}
            role="option"
            style={
              Object {
                "pointerEvents": "all",
              }
            }
          >
            <span
              className="text"
            >
              https://routing.develop.otonomousmobility.com/\${PROFILE}
            </span>
          </div>
          <div
            aria-checked={false}
            aria-selected={false}
            className="item"
            onClick={[Function]}
            role="option"
            style={
              Object {
                "pointerEvents": "all",
              }
            }
          >
            <span
              className="text"
            >
              https://routing.staging.otonomousmobility.com/\${PROFILE}
            </span>
          </div>
          <div
            aria-checked={false}
            aria-selected={false}
            className="item"
            onClick={[Function]}
            role="option"
            style={
              Object {
                "pointerEvents": "all",
              }
            }
          >
            <span
              className="text"
            >
              https://routing.testing.otonomousmobility.com/\${PROFILE}
            </span>
          </div>
          <div
            aria-checked={false}
            aria-selected={false}
            className="item"
            onClick={[Function]}
            role="option"
            style={
              Object {
                "pointerEvents": "all",
              }
            }
          >
            <span
              className="text"
            >
              http://localhost:5000
            </span>
          </div>
        </div>
      </div>
    </div>
  </div>
  <div
    className="sc-bdVaJa fEcaVD"
    width="80%"
  >
    <div
      className="sc-bdVaJa kRVJAa"
      direction="row"
    >
      <div
        className="sc-bdVaJa kRVJAa"
        direction="row"
      >
        <div
          className="ui header sc-jTzLTM itsxkf"
          overridecolor="#00677f"
        >
          Request Body
        </div>
        <button
          className="ui button body-textarea sc-fjdhpX kqDxje"
          id="bodyEdit"
          marginleft="10px"
          onClick={[Function]}
        >
          Edit
        </button>
      </div>
    </div>
    <form
      className="ui form sc-gqjmRU dZmkkW"
      color="rgb(100, 100, 100)"
      focuscolor="#5097ab"
      onSubmit={[Function]}
    >
      <div
        className="sc-dnqmqq fNLREc"
      >
        <div
          className="sc-htoDjs epHUHX"
          onClick={[Function]}
        >
          
          <i
            aria-hidden="true"
            className="caret up icon"
            onClick={[Function]}
          />
        </div>
        <div
          className="sc-dnqmqq fNLREc"
        >
          <div
            className="sc-htoDjs epHUHX"
            onClick={[Function]}
          >
            Locations
            <i
              aria-hidden="true"
              className="caret down icon"
              onClick={[Function]}
            />
          </div>
        </div>
        <div
          className="sc-dnqmqq dROvRF"
        >
          <span
            className="sc-iwsKbI daDmXX"
          >
            Report Geometry
            : 
          </span>
          <span
            className="sc-gZMcBi hbrQes"
          >
            true
          </span>
        </div>
      </div>
    </form>
  </div>
  <div
    className="sc-bdVaJa fEcaVD"
    width="80%"
  >
    <div
      className="sc-bdVaJa kRVJAa"
      direction="row"
    >
      <div
        className="ui header sc-jTzLTM itsxkf"
        overridecolor="#00677f"
      >
        Response
      </div>
      <button
        className="ui button response-textarea sc-fjdhpX kqDxje"
        id="responseEdit"
        marginleft="10px"
        onClick={[Function]}
      >
        Edit
      </button>
    </div>
    <form
      className="ui form sc-gqjmRU dZmkkW"
      color="rgb(100, 100, 100)"
      focuscolor="#5097ab"
      onSubmit={[Function]}
    >
      <div
        className="sc-dnqmqq fNLREc"
      >
        <div
          className="sc-htoDjs epHUHX"
          onClick={[Function]}
        >
          
          <i
            aria-hidden="true"
            className="caret up icon"
            onClick={[Function]}
          />
        </div>
        <div
          className="sc-dnqmqq fNLREc"
        >
          <span
            className="sc-iwsKbI daDmXX"
          >
            Code
            : 
          </span>
          <span
            className="sc-gZMcBi hbrQes"
          >
            Ok
          </span>
        </div>
        <div
          className="sc-dnqmqq fNLREc"
        >
          <div
            className="sc-htoDjs epHUHX"
            onClick={[Function]}
          >
            Routes
            <i
              aria-hidden="true"
              className="caret down icon"
              onClick={[Function]}
            />
          </div>
        </div>
        <div
          className="sc-dnqmqq dROvRF"
        >
          <div
            className="sc-htoDjs epHUHX"
            onClick={[Function]}
          >
            Locations
            <i
              aria-hidden="true"
              className="caret down icon"
              onClick={[Function]}
            />
          </div>
        </div>
      </div>
    </form>
  </div>
</div>
`;
