// Jest Snapshot v1, https://goo.gl/fbAQLP

exports[`expect to render Panel component 1`] = `
<div
  className="sc-bZQynM iWDKdM"
>
  <div
    className="sc-bdVaJa jsucjq"
    direction="column"
  >
    <div
      className="sc-bdVaJa fuiAsE"
      direction="row"
    >
      <div
        className="sc-bwzfXH knLexA"
        color="#e1e1e1"
      >
        <div
          className="sc-bdVaJa dbHwHO"
          height="100%"
        >
          <i
            aria-hidden="true"
            className="car icon sc-htpNat eifqop"
            fontSize="25px"
            height="20px"
            onClick={[Function]}
            overridecolor="#007a93"
            padding="0 0 0 0"
            position="absolute"
          />
        </div>
      </div>
      <div
        className="sc-bxivhb jrYrcA"
        height="38px"
        onBlur={[Function]}
        onClick={[Function]}
        onFocus={[Function]}
        onMouseEnter={[Function]}
        onMouseLeave={[Function]}
        width="38px"
      >
        <div
          className="sc-bdVaJa cCYAHW"
          height="100%"
        >
          <i
            aria-hidden="true"
            className="male large icon sc-htpNat jUOzvs"
            onClick={[Function]}
            overridecolor="#a6cad8"
            padding="0 0 0 0"
            position="absolute"
          />
        </div>
      </div>
    </div>
    <div
      className="ui divider sc-gzVnrw bKqAAp"
    />
    <div
      className="sc-bdVaJa gSlpgJ"
      direction="row"
    >
      <div
        className="sc-bwzfXH gXAlSF"
        color="#007a93"
      >
        <div
          className="sc-bdVaJa lajepV"
          height="100%"
        >
          <i
            aria-hidden="true"
            className="map marker alternate icon sc-htpNat iIqnlv"
            fontSize="25px"
            height="20px"
            onClick={[Function]}
            overridecolor="white"
            padding="0 0 0 0"
            position="absolute"
          />
        </div>
      </div>
      <div
        className="ui fluid input sc-EHOje kbRwGm"
      >
        <input
          onBlur={[Function]}
          onChange={[Function]}
          onFocus={[Function]}
          placeholder="Origin"
          type="text"
          value=""
        />
      </div>
    </div>
    <div
      className="sc-bdVaJa gSlpgJ"
      direction="row"
    >
      <div
        className="sc-bwzfXH gXAlSF"
        color="#007a93"
      >
        <div
          className="sc-bdVaJa lajepV"
          height="100%"
        >
          <i
            aria-hidden="true"
            className="flag checkered icon sc-htpNat iIqnlv"
            fontSize="25px"
            height="20px"
            onClick={[Function]}
            overridecolor="white"
            padding="0 0 0 0"
            position="absolute"
          />
        </div>
      </div>
      <div
        className="ui fluid input sc-EHOje kbRwGm"
      >
        <input
          onBlur={[Function]}
          onChange={[Function]}
          onFocus={[Function]}
          placeholder="Destination"
          type="text"
          value=""
        />
      </div>
    </div>
  </div>
</div>
`;
