// Jest Snapshot v1, https://goo.gl/fbAQLP

exports[`expect to render Panel component 1`] = `
<div
  className="sc-bdVaJa sc-chPdSV VEVzz"
  direction="column"
>
  <div
    className="scale visible transition sc-bdVaJa pqpqB"
    direction="row"
    style={
      Object {
        "animationDuration": undefined,
      }
    }
  >
    <div
      className="sc-bdVaJa kRVJAa"
      direction="row"
    >
      <div
        className="sc-bdVaJa sc-fjdhpX TpKDF"
        color={true}
        id="default"
        onClick={[Function]}
        width="100px"
      >
        Interactive
      </div>
      <div
        className="sc-bdVaJa sc-fjdhpX jAZwpU"
        color={false}
        id="debug"
        onClick={[Function]}
        width="100px"
      >
        Debugging
      </div>
    </div>
  </div>
  <div
    className="sc-bdVaJa jsucjq"
    direction="column"
  >
    <div
      className="sc-bdVaJa fuiAsE"
      direction="row"
    >
      <div
        id="car-profile"
        onClick={[Function]}
      >
        <div
          onBlur={[Function]}
          onClick={[Function]}
          onFocus={[Function]}
          onMouseEnter={[Function]}
          onMouseLeave={[Function]}
        >
          <div
            className="sc-bwzfXH deebee"
            color="transparent"
            cursor="pointer"
          >
            <div
              className="sc-bdVaJa dbHwHO"
              height="100%"
            >
              <i
                aria-hidden="true"
                className="car icon sc-htpNat bxTmCt"
                fontSize="25px"
                height="20px"
                onClick={[Function]}
                overridecolor="#a6cad8"
                padding="0 0 0 0"
                position="absolute"
              />
            </div>
          </div>
        </div>
      </div>
      <div
        id="foot-profile"
        onClick={[Function]}
      >
        <div
          onBlur={[Function]}
          onClick={[Function]}
          onFocus={[Function]}
          onMouseEnter={[Function]}
          onMouseLeave={[Function]}
        >
          <div
            className="sc-bwzfXH deebee"
            color="transparent"
            cursor="pointer"
          >
            <div
              className="sc-bdVaJa dbHwHO"
              height="100%"
            >
              <i
                aria-hidden="true"
                className="male icon sc-htpNat bxTmCt"
                fontSize="25px"
                height="20px"
                onClick={[Function]}
                overridecolor="#a6cad8"
                padding="0 0 0 0"
                position="absolute"
              />
            </div>
          </div>
        </div>
      </div>
    </div>
    <div
      className="sc-bdVaJa gSlpgJ"
      direction="row"
    >
      <div
        className="sc-bwzfXH jWeZli"
        color="#007a93"
      >
        <div
          className="sc-bdVaJa lajepV"
          height="100%"
        >
          <i
            aria-hidden="true"
            className="map marker alternate icon sc-htpNat iIqnlv"
            fontSize="25px"
            height="20px"
            onClick={[Function]}
            overridecolor="white"
            padding="0 0 0 0"
            position="absolute"
          />
        </div>
      </div>
      <div
        className="ui fluid input sc-dnqmqq bSXmIE"
      >
        <input
          onBlur={[Function]}
          onChange={[Function]}
          onFocus={[Function]}
          placeholder="Origin"
          type="text"
          value=""
        />
      </div>
    </div>
    <div
      className="sc-bdVaJa gSlpgJ"
      direction="row"
    >
      <div
        className="sc-bwzfXH jWeZli"
        color="#007a93"
      >
        <div
          className="sc-bdVaJa lajepV"
          height="100%"
        >
          <i
            aria-hidden="true"
            className="flag checkered icon sc-htpNat iIqnlv"
            fontSize="25px"
            height="20px"
            onClick={[Function]}
            overridecolor="white"
            padding="0 0 0 0"
            position="absolute"
          />
        </div>
      </div>
      <div
        className="ui fluid input sc-dnqmqq bSXmIE"
      >
        <input
          onBlur={[Function]}
          onChange={[Function]}
          onFocus={[Function]}
          placeholder="Destination"
          type="text"
          value=""
        />
      </div>
    </div>
    <div
      className="sc-bdVaJa gSlpgJ"
      direction="row"
    >
      <div
        className="sc-bdVaJa dbyCSG"
        direction="row"
        height="50px"
        width="65%"
      >
        <div
          className="ui fitted toggle checkbox custom-class sc-gZMcBi hupRmQ"
          onChange={[Function]}
          onClick={[Function]}
          onMouseDown={[Function]}
          onMouseUp={[Function]}
        >
          <input
            checked={false}
            className="hidden"
            id="googleMapsOption"
            readOnly={true}
            tabIndex={0}
            type="checkbox"
          />
          <label
            htmlFor="googleMapsOption"
          />
        </div>
        <label
          className="sc-iwsKbI lpcEmi"
        >
          Google Maps
        </label>
      </div>
      <div
        className="sc-bdVaJa gpVhCu"
        direction="row"
        height="50px"
        width="35%"
      >
        <div
          className="ui fitted toggle checkbox custom-class sc-gZMcBi hupRmQ"
          onChange={[Function]}
          onClick={[Function]}
          onMouseDown={[Function]}
          onMouseUp={[Function]}
        >
          <input
            checked={false}
            className="hidden"
            id="trafficOption"
            readOnly={true}
            tabIndex={0}
            type="checkbox"
          />
          <label
            htmlFor="trafficOption"
          />
        </div>
        <label
          className="sc-iwsKbI lpcEmi"
        >
          Traffic
        </label>
      </div>
    </div>
  </div>
</div>
`;
