// Jest Snapshot v1, https://goo.gl/fbAQLP

exports[`expect to render ProfileToggler component 1`] = `
<div
  className="ui segment sc-ifAKCX bRACfR"
  noBoxShadow={false}
  padding="15px 25px"
  width="100%"
>
  <div
    className="sc-bdVaJa fKJBrF"
    direction="column"
  >
    <div
      className="ui header sc-gqjmRU eAnDBN"
      nomarginbottom={1}
      overridecolor="#000000"
    >
      Routing Service
    </div>
    <div
      className="ui small header sc-gqjmRU jlzsIH"
      overridecolor="#000000"
    >
      With Traffic
    </div>
    <div
      className="sc-bdVaJa jzIkVo"
      direction="row"
      width="100%"
    >
      <div
        className="sc-bdVaJa ehaESb"
        direction="row"
        width="40%"
      >
        <div
          className="sc-gZMcBi gyuikZ"
        >
          <div
            className="sc-bwzfXH lYGau"
            color="#e1e1e1"
          >
            <div
              className="sc-bdVaJa hVRN"
              height="100%"
            >
              <i
                aria-hidden="true"
                className="time icon sc-htpNat kOxnLf"
                fontSize="25px"
                height="20px"
                onClick={[Function]}
                overridecolor="#000000"
                position="absolute"
              />
            </div>
          </div>
        </div>
      </div>
      <div
        className="sc-bdVaJa jEnIfZ"
        direction="row"
        width="60%"
      >
        <div
          className="ui tiny statistic sc-VigVT gGdolP"
          overridecolor="#000000"
          style={
            Object {
              "margin": 0,
            }
          }
        >
          <div
            className="value"
          >
            0
          </div>
          <div
            className="label"
          >
            seconds
          </div>
        </div>
      </div>
    </div>
    <div
      className="sc-bdVaJa jzIkVo"
      direction="row"
      width="100%"
    >
      <div
        className="sc-bdVaJa ehaESb"
        direction="row"
        width="40%"
      >
        <div
          className="sc-gZMcBi gyuikZ"
        >
          <div
            className="sc-bwzfXH lYGau"
            color="#e1e1e1"
          >
            <div
              className="sc-bdVaJa hVRN"
              height="100%"
            >
              <i
                aria-hidden="true"
                className="road icon sc-htpNat kOxnLf"
                fontSize="25px"
                height="20px"
                onClick={[Function]}
                overridecolor="#000000"
                position="absolute"
              />
            </div>
          </div>
        </div>
      </div>
      <div
        className="sc-bdVaJa jEnIfZ"
        direction="row"
        width="60%"
      >
        <div
          className="ui tiny statistic sc-VigVT gGdolP"
          overridecolor="#000000"
          style={
            Object {
              "margin": 0,
            }
          }
        >
          <div
            className="value"
          >
            0
          </div>
          <div
            className="label"
          >
            meters
          </div>
        </div>
      </div>
    </div>
  </div>
</div>
`;
